# ----------------------------------------------------------------------
# Generate geometry
# ----------------------------------------------------------------------
playback 'geometry2d.jou'

# ----------------------------------------------------------------------
# Set discretization size
# ----------------------------------------------------------------------
surface all size 0.2
surface 1 scheme map

# ----------------------------------------------------------------------
# Generate the mesh
# ----------------------------------------------------------------------
mesh surface all

# ----------------------------------------------------------------------
# Create blocks for materials
# ----------------------------------------------------------------------
block 1 surface 1
block 1 name "elastoplastic"

# ----------------------------------------------------------------------
# Create nodeset for +x edge
# ----------------------------------------------------------------------
group "x_pos" add node in curve 3
nodeset 11 group x_pos
nodeset 11 name "x_pos"

# ----------------------------------------------------------------------
# Create nodeset for -x edge
# ----------------------------------------------------------------------
group "x_neg" add node in curve 1
nodeset 12 group x_neg
nodeset 12 name "x_neg"

# ----------------------------------------------------------------------
# Create nodeset for +y face
# ----------------------------------------------------------------------
group "y_pos" add node in curve 4
nodeset 13 group y_pos
nodeset 13 name "y_pos"

# ----------------------------------------------------------------------
# Create nodeset for -y face
# ----------------------------------------------------------------------
group "y_neg" add node in curve 2
nodeset 14 group y_neg
nodeset 14 name "y_neg"

# ----------------------------------------------------------------------
# Export exodus file
# ----------------------------------------------------------------------
export mesh "plane_quad4_0.2m.exo" dimension 2 overwrite


