# -*- Python -*- (syntax highlighting)
# ----------------------------------------------------------------------
#
# Brad T. Aagaard, U.S. Geological Survey
# Charles A. Williams, GNS Science
# Matthew G. Knepley, University of Chicago
#
# This code was developed as part of the Computational Infrastructure
# for Geodynamics (http://geodynamics.org).
#
# Copyright (c) 2010-2017 University of California, Davis
#
# See COPYING for license information.
#
# ----------------------------------------------------------------------
#
# CUBIT journal file with geometry for example showing how to import
# several surfaces (topography, subduction interface, splay fault), and
# mesh the resulting volumes.
#
# We also use the CUBIT support for APREPRO (the expressions in
# braces), which includes units and mathematical functions. See the
# APREPRO section in the appendix of the CUBIT documentation for more
# information.
#
# ----------------------------------------------------------------------
# Set units to SI.
# ----------------------------------------------------------------------
${Units('si')}
#
# ----------------------------------------------------------------------
# Reset geometry.
# ----------------------------------------------------------------------
reset

# ----------------------------------------------------------------------
# Import slab surfaces and construct slab.
# ----------------------------------------------------------------------
import Acis "surf_slabtop.sat"
${idSurf=Id("surface")}
surface {idSurf} name "s_slabtop"
${idVol=Id("volume")}
volume {idVol} name "v_slabtop"

import Acis "surf_slabbot.sat"
${idSurf=Id("surface")}
surface {idSurf} name "s_slabbot"
${idVol=Id("volume")}
volume {idVol} name "v_slabbot"

create volume loft surface s_slabtop s_slabbot
${idVol=Id("volume")}
volume {idVol} name "v_slab"

# ----------------------------------------------------------------------
# Create block
# ----------------------------------------------------------------------
# Block is 800 km x 800 km x 400 km
${blockLength=800.0*km}
${blockWidth=800.0*km}
${blockHeight=400.0*km}

brick x {blockLength} y {blockWidth} z {blockHeight}
${idVol=Id("volume")}
volume {idVol} name "v_domain"

# Translate block so top is a z=0.
${moveX=-60.0*km}
${moveY=0.0*km}
volume v_domain move x {moveX} y {moveY} z {-0.5*blockHeight}

# ----------------------------------------------------------------------
# Webcut block with slab.
# ----------------------------------------------------------------------
chop volume v_domain with volume v_slab

# ----------------------------------------------------------------------
# Create planar surface for continental crust/mantle boundary.
# ----------------------------------------------------------------------
create planar surface with plane zplane offset {-40.0*km}
${idSurf=Id("surface")}
surface {idSurf} name "s_moho"

webcut volume v_domain@A with plane surface s_moho
delete surface s_moho

# ----------------------------------------------------------------------
# Create fault patch
# ----------------------------------------------------------------------
${patchLength=200.0*km}
brick x {400.0*km} y {patchLength} z {100.0*km}
${idVol=Id("volume")}
volume {idVol} name "v_patchblock"
move volume v_patchblock  x {-100*km} y 0 z 0

chop volume v_slabtop with volume v_patchblock 
imprint volume v_domain@A with volume v_slabtop 
delete volume v_slabtop v_slabtop@A v_slabbot

# ----------------------------------------------------------------------
# Import splay surface and cut volume.
# ----------------------------------------------------------------------
import Acis "surf_splay.sat"
${idSurf=Id("surface")}
surface {idSurf} name "s_splay"

webcut volume v_domain@A with sheet surface s_splay
delete surface s_splay

# ----------------------------------------------------------------------
# Imprint all volumes, then merge.
# ----------------------------------------------------------------------
imprint all with volume all
merge all

# End of file




