## /tools/common/cubit-10.2/bin/clarox
## Cubit Version 10.2
## Cubit Build 24
## Revised 12/15/2006 16:09:40 MST
## Running 06/18/2007 10:26:50 AM
## Command Options:
## -warning = On
## -information = On

# ----------------------------------------------------------------------
# Create block
# ----------------------------------------------------------------------

# Bar is 400m x 400m x 8000m
# -4000 m <= x <= 4000 m
# -200 m <= y <= 200 m
# -200 m <= z <= 200 km
reset
brick x 8000 y 400 z 400

# ----------------------------------------------------------------------
# Create interface surfaces
# ----------------------------------------------------------------------

# Create fault (yz plane) at x = 0.0

create planar surface with plane xplane offset 0
surface 7 name "fault_surface"

# ----------------------------------------------------------------------
# Divide volumes using interface surfaces
# ----------------------------------------------------------------------
webcut volume 1 with plane surface fault_surface
volume 1 name "elastic_xpos"
volume 3 name "elastic_xneg"

# ----------------------------------------------------------------------
# Delete unused sheet body
# ----------------------------------------------------------------------
delete body 2

# ----------------------------------------------------------------------
# Imprint all volumes, merging surfaces
# ----------------------------------------------------------------------
imprint all with volume all
merge all

# ----------------------------------------------------------------------
# Rename fault surface (original has been deleted)
# ----------------------------------------------------------------------
surface 8 name "fault_surface"
