# ----------------------------------------------------------------------
# Generate geometry
# ----------------------------------------------------------------------
playback 'geometry.jou'

# ----------------------------------------------------------------------
# Set discretization size
# ----------------------------------------------------------------------
surface all size 200

# ----------------------------------------------------------------------
# Generate the mesh
# ----------------------------------------------------------------------
mesh surface all

# ----------------------------------------------------------------------
# Create blocks for materials
# ----------------------------------------------------------------------
block 1 surface 8 9
block 1 name "elastic"

# ----------------------------------------------------------------------
# Create nodeset for fault
# ----------------------------------------------------------------------
group "fault" add node in fault_surface
nodeset 10 group fault
nodeset 10 name "fault"

# ----------------------------------------------------------------------
# Create nodeset for +x face
# ----------------------------------------------------------------------
group "face_xpos" add node in curve 14
nodeset 20 group face_xpos
nodeset 20 name "face xpos"

# ----------------------------------------------------------------------
# Create nodeset for -x face
# ----------------------------------------------------------------------
group "face_xneg" add node in curve 16
nodeset 21 group face_xneg
nodeset 21 name "face xneg"

# ----------------------------------------------------------------------
# Create nodeset for all vertices but fault
# ----------------------------------------------------------------------
group "vertices_nofault" add node all
group "vertices_nofault" remove node in fault
nodeset 22 group vertices_nofault
nodeset 22 name "vertices_nofault"

# ----------------------------------------------------------------------
# Export exodus file
# ----------------------------------------------------------------------
export mesh "bar_quad4_200m.exo" dimension 2 overwrite
