# -*- Python -*-
# ----------------------------------------------------------------------
# Generate geometry
# ----------------------------------------------------------------------
playback 'geometry.jou'

# ----------------------------------------------------------------------
# Set discretization size
# ----------------------------------------------------------------------
#surface all size {55.0*ft}
surface all size {15.0*ft}
# ----------------------------------------------------------------------
# Generate the mesh
# ----------------------------------------------------------------------
surface all scheme submap
mesh surface all

# ----------------------------------------------------------------------
# Mark entities for boundary conditions, etc.
# ----------------------------------------------------------------------
playback 'bc.jou'

# ----------------------------------------------------------------------
# Export exodus file
# ----------------------------------------------------------------------
export mesh "mesh_quad.exo" dimension 2 overwrite










