reset
# --------------------------------------------------------
# Create a spline for each contour line.
# --------------------------------------------------------
playback 'journal/hikurangi_shiftrot_fill_c0000.jou'
playback 'journal/hikurangi_shiftrot_fill_c0001.jou'
playback 'journal/hikurangi_shiftrot_fill_c0002.jou'
playback 'journal/hikurangi_shiftrot_fill_c0003.jou'
playback 'journal/hikurangi_shiftrot_fill_c0004.jou'
playback 'journal/hikurangi_shiftrot_fill_c0005.jou'
playback 'journal/hikurangi_shiftrot_fill_c0006.jou'
playback 'journal/hikurangi_shiftrot_fill_c0007.jou'
playback 'journal/hikurangi_shiftrot_fill_c0008.jou'
playback 'journal/hikurangi_shiftrot_fill_c0009.jou'
playback 'journal/hikurangi_shiftrot_fill_c0010.jou'
playback 'journal/hikurangi_shiftrot_fill_c0011.jou'
playback 'journal/hikurangi_shiftrot_fill_c0012.jou'
playback 'journal/hikurangi_shiftrot_fill_c0013.jou'
playback 'journal/hikurangi_shiftrot_fill_c0014.jou'
playback 'journal/hikurangi_shiftrot_fill_c0015.jou'
playback 'journal/hikurangi_shiftrot_fill_c0016.jou'
playback 'journal/hikurangi_shiftrot_fill_c0017.jou'
playback 'journal/hikurangi_shiftrot_fill_c0018.jou'
playback 'journal/hikurangi_shiftrot_fill_c0019.jou'
playback 'journal/hikurangi_shiftrot_fill_c0020.jou'
playback 'journal/hikurangi_shiftrot_fill_c0021.jou'
playback 'journal/hikurangi_shiftrot_fill_c0022.jou'
playback 'journal/hikurangi_shiftrot_fill_c0023.jou'
playback 'journal/hikurangi_shiftrot_fill_c0024.jou'
playback 'journal/hikurangi_shiftrot_fill_c0025.jou'
playback 'journal/hikurangi_shiftrot_fill_c0026.jou'
playback 'journal/hikurangi_shiftrot_fill_c0027.jou'
playback 'journal/hikurangi_shiftrot_fill_c0028.jou'
playback 'journal/hikurangi_shiftrot_fill_c0029.jou'
playback 'journal/hikurangi_shiftrot_fill_c0030.jou'
playback 'journal/hikurangi_shiftrot_fill_c0031.jou'
playback 'journal/hikurangi_shiftrot_fill_c0032.jou'
playback 'journal/hikurangi_shiftrot_fill_c0033.jou'
playback 'journal/hikurangi_shiftrot_fill_c0034.jou'
playback 'journal/hikurangi_shiftrot_fill_c0035.jou'
playback 'journal/hikurangi_shiftrot_fill_c0036.jou'
playback 'journal/hikurangi_shiftrot_fill_c0037.jou'
playback 'journal/hikurangi_shiftrot_fill_c0038.jou'
playback 'journal/hikurangi_shiftrot_fill_c0039.jou'
playback 'journal/hikurangi_shiftrot_fill_c0040.jou'
playback 'journal/hikurangi_shiftrot_fill_c0041.jou'
playback 'journal/hikurangi_shiftrot_fill_c0042.jou'
playback 'journal/hikurangi_shiftrot_fill_c0043.jou'
playback 'journal/hikurangi_shiftrot_fill_c0044.jou'
playback 'journal/hikurangi_shiftrot_fill_c0045.jou'
playback 'journal/hikurangi_shiftrot_fill_c0046.jou'
playback 'journal/hikurangi_shiftrot_fill_c0047.jou'
playback 'journal/hikurangi_shiftrot_fill_c0048.jou'
playback 'journal/hikurangi_shiftrot_fill_c0049.jou'
playback 'journal/hikurangi_shiftrot_fill_c0050.jou'
playback 'journal/hikurangi_shiftrot_fill_c0051.jou'
playback 'journal/hikurangi_shiftrot_fill_c0052.jou'
playback 'journal/hikurangi_shiftrot_fill_c0053.jou'
playback 'journal/hikurangi_shiftrot_fill_c0054.jou'
playback 'journal/hikurangi_shiftrot_fill_c0055.jou'
playback 'journal/hikurangi_shiftrot_fill_c0056.jou'
playback 'journal/hikurangi_shiftrot_fill_c0057.jou'
playback 'journal/hikurangi_shiftrot_fill_c0058.jou'
playback 'journal/hikurangi_shiftrot_fill_c0059.jou'
playback 'journal/hikurangi_shiftrot_fill_c0060.jou'
playback 'journal/hikurangi_shiftrot_fill_c0061.jou'
playback 'journal/hikurangi_shiftrot_fill_c0062.jou'
playback 'journal/hikurangi_shiftrot_fill_c0063.jou'
playback 'journal/hikurangi_shiftrot_fill_c0064.jou'
playback 'journal/hikurangi_shiftrot_fill_c0065.jou'
playback 'journal/hikurangi_shiftrot_fill_c0066.jou'
playback 'journal/hikurangi_shiftrot_fill_c0067.jou'
playback 'journal/hikurangi_shiftrot_fill_c0068.jou'
playback 'journal/hikurangi_shiftrot_fill_c0069.jou'
playback 'journal/hikurangi_shiftrot_fill_c0070.jou'
playback 'journal/hikurangi_shiftrot_fill_c0071.jou'
playback 'journal/hikurangi_shiftrot_fill_c0072.jou'
playback 'journal/hikurangi_shiftrot_fill_c0073.jou'
playback 'journal/hikurangi_shiftrot_fill_c0074.jou'
playback 'journal/hikurangi_shiftrot_fill_c0075.jou'
playback 'journal/hikurangi_shiftrot_fill_c0076.jou'
playback 'journal/hikurangi_shiftrot_fill_c0077.jou'
playback 'journal/hikurangi_shiftrot_fill_c0078.jou'
playback 'journal/hikurangi_shiftrot_fill_c0079.jou'
playback 'journal/hikurangi_shiftrot_fill_c0080.jou'
playback 'journal/hikurangi_shiftrot_fill_c0081.jou'
playback 'journal/hikurangi_shiftrot_fill_c0082.jou'
playback 'journal/hikurangi_shiftrot_fill_c0083.jou'
playback 'journal/hikurangi_shiftrot_fill_c0084.jou'
playback 'journal/hikurangi_shiftrot_fill_c0085.jou'
playback 'journal/hikurangi_shiftrot_fill_c0086.jou'
# --------------------------------------------------------
# Create skin surface from contours and then delete contours.
# --------------------------------------------------------
create surface skin curve all
delete curve 1 to 87
# --------------------------------------------------------
# Export ACIS file.
# --------------------------------------------------------
export Acis 'hikurangi_sub_geom.sab'
