# ----------------------------------------------------------------------
# Generate geometry
# ----------------------------------------------------------------------
playback 'geometry.jou'

# ----------------------------------------------------------------------
# Set discretization size
# ----------------------------------------------------------------------
volume all size 1000

# ----------------------------------------------------------------------
# Generate the mesh
# ----------------------------------------------------------------------
volume all scheme submap
mesh volume all

# ----------------------------------------------------------------------
# Create blocks for materials
# ----------------------------------------------------------------------
block 1 volume 1 5 6
block 1 name "elastic"
block 2 volume 7 9 8
block 2 name "viscoelastic"

# ----------------------------------------------------------------------
# Create nodesets for faults
# ----------------------------------------------------------------------
group "fault" add node in surface fault_surface
group "fault" add node in fault_surface@A
nodeset 10 group fault
nodeset 10 name "fault"

group "fault_b" add node in surface fault_surface_b
group "fault_b" add node in surface fault_surface_b@A
nodeset 11 group fault_b
nodeset 11 name "fault_b"

# ----------------------------------------------------------------------
# Create nodeset for +x face
# ----------------------------------------------------------------------
group "face_xpos" add node in surface 31
group "face_xpos" add node in surface 39
nodeset 20 group face_xpos
nodeset 20 name "face_xpos"

# ----------------------------------------------------------------------
# Create nodeset for -x face
# ----------------------------------------------------------------------
group "face_xneg" add node in surface 41
group "face_xneg" add node in surface 49
nodeset 21 group face_xneg
nodeset 21 name "face_xneg"

# ----------------------------------------------------------------------
# Create nodeset for +y face
# ----------------------------------------------------------------------
group "face_ypos" add node in surface 32
group "face_ypos" add node in surface 44
group "face_ypos" add node in surface 54
group "face_ypos" add node in surface 38
group "face_ypos" add node in surface 46
group "face_ypos" add node in surface 56
nodeset 22 group face_ypos
nodeset 22 name "face_ypos"

# ----------------------------------------------------------------------
# Create nodeset for -y face
# ----------------------------------------------------------------------
group "face_yneg" add node in surface 34
group "face_yneg" add node in surface 42
group "face_yneg" add node in surface 52
group "face_yneg" add node in surface 36
group "face_yneg" add node in surface 48
group "face_yneg" add node in surface 58
nodeset 23 group face_yneg
nodeset 23 name "face_yneg"

# ----------------------------------------------------------------------
# Create nodeset for +z face
# ----------------------------------------------------------------------
group "face_zpos" add node in surface 18
group "face_zpos" add node in surface 27
group "face_zpos" add node in surface 23
nodeset 24 group face_zpos
nodeset 24 name "face_zpos"

# ----------------------------------------------------------------------
# Create nodeset for -z face
# ----------------------------------------------------------------------
group "face_zneg" add node in surface 17
group "face_zneg" add node in surface 28
group "face_zneg" add node in surface 21
nodeset 25 group face_zneg
nodeset 25 name "face_zneg"

# ----------------------------------------------------------------------
# Create nodeset for -z face
# ----------------------------------------------------------------------
group "face_zneg_nofault" add node in face_zneg
group "face_zneg_nofault" remove node in fault
nodeset 26 group face_zneg_nofault
nodeset 26 name "face_zneg_nofault"

# ----------------------------------------------------------------------
# Export exodus file
# ----------------------------------------------------------------------
export mesh "mesh.exo" dimension 3 overwrite


