# =================================================================================================
# This code is part of PyLith, developed through the Computational Infrastructure
# for Geodynamics (https://github.com/geodynamics/pylith).
#
# Copyright (c) 2010-2024, University of California, Davis and the PyLith Development Team.
# All rights reserved.
#
# See https://mit-license.org/ and LICENSE.md and for license information. 
# =================================================================================================
#
# CUBIT/Trelis journal file for generating a tet mesh of the subduction zone.

# ----------------------------------------------------------------------
# Generate geometry
# ----------------------------------------------------------------------
playback 'cubit_geometry.jou'

# Uniform resolution tetmesh.
volume all scheme tetmesh
volume all size {25.0*km}
mesh volume all

# ----------------------------------------------------------------------
# Create blocks and nodesets for materials and boundary conditions.
# ----------------------------------------------------------------------
playback 'cubit_bc.jou'


# ----------------------------------------------------------------------
# Export exodus file
# ----------------------------------------------------------------------
export mesh "input/mesh_tet.exo" dimension 3 overwrite


# End of file


