# =================================================================================================
# This code is part of PyLith, developed through the Computational Infrastructure
# for Geodynamics (https://github.com/geodynamics/pylith).
#
# Copyright (c) 2010-2024, University of California, Davis and the PyLith Development Team.
# All rights reserved.
#
# See https://mit-license.org/ and LICENSE.md and for license information. 
# =================================================================================================
# ----------------------------------------------------------------------
#
# CUBIT journal file to create a mesh for example with merged sheet
# surfaces.
#
# ----------------------------------------------------------------------
# Generate geometry
# ----------------------------------------------------------------------
playback 'geometry.jou'

# ----------------------------------------------------------------------
# Create tet4 mesh at 5.0 km resolution.
# ----------------------------------------------------------------------

#{dx=5.0*km}
volume all size {dx}
volume all scheme tetmesh

# ----------------------------------------------------------------------
# Generate the mesh
# ----------------------------------------------------------------------
mesh surface all
mesh volume all

# ----------------------------------------------------------------------
# Create boundary conditions
# ----------------------------------------------------------------------
playback 'bc.jou'

# ----------------------------------------------------------------------
# Export exodus file
# ----------------------------------------------------------------------
set large exodus off
export mesh "mesh.exo" dimension 3 overwrite


# End of file

