# Cubit Journal file for generating mesh with triangular cells.
#
# ----------------------------------------------------------------------
# Generate geometry
# ----------------------------------------------------------------------
playback 'geometry.jou'

# ----------------------------------------------------------------------
# Set discretization size and  scheme
# ----------------------------------------------------------------------
surface all scheme trimesh

surface domain size 1000
surface reservoir size 500

# ----------------------------------------------------------------------
# Generate the mesh
# ----------------------------------------------------------------------
mesh surface reservoir
mesh surface domain

# ----------------------------------------------------------------------
# Smooth mesh to improve quality
# ----------------------------------------------------------------------
surface all smooth scheme condition number beta 1.4 cpu 10
smooth surface all

# ----------------------------------------------------------------------
# Mark entities for boundary conditions, etc.
# ----------------------------------------------------------------------
playback 'bc.jou'

# ----------------------------------------------------------------------
# Export exodus file
# ----------------------------------------------------------------------
export mesh "mesh_tri.exo" dimension 2 overwrite
