# ----------------------------------------------------------------------
# Set units to SI.
# ----------------------------------------------------------------------
${Units('si')}

# ----------------------------------------------------------------------
# Reset geometry.
# ----------------------------------------------------------------------
reset

# ----------------------------------------------------------------------
# Create block
# ----------------------------------------------------------------------
# Block is 12km x 12km x 9km
# -6 km <= x <= 6 km
# -6 km <= y <= 6 km
# -9 km <= z <= 0 km
brick x {12.0*km} y {12.0*km} z {9.0*km}
volume 1 move x 0 y 0 z {-4.5*km}

# ----------------------------------------------------------------------
# Create interface surfaces
# ----------------------------------------------------------------------
create planar surface with plane zplane offset {-3.0*km}
surface 7 name "material_interface"

# ----------------------------------------------------------------------
# Divide volumes using interface surfaces
# ----------------------------------------------------------------------
webcut volume 1 with plane surface material_interface
volume 1 name "elastic"
volume 3 name "viscoelastic"

# ----------------------------------------------------------------------
# Imprint all volumes, merging surfaces
# ----------------------------------------------------------------------
imprint all with volume all
merge all
delete body 2

