# ----------------------------------------------------------------------
# Reset geometry.
# ----------------------------------------------------------------------
reset

# ----------------------------------------------------------------------
# Generate geometry
# ----------------------------------------------------------------------
playback 'geometry.jou'

# ----------------------------------------------------------------------
# Set discretization size
# ----------------------------------------------------------------------
volume all size 0.1

# ----------------------------------------------------------------------
# Generate the mesh
# ----------------------------------------------------------------------
volume all scheme tetmesh
mesh volume all

# ----------------------------------------------------------------------
# Create blocks for materials
# ----------------------------------------------------------------------
block 1 volume 3
block 1 name "poroelastic"
block 1 element type tetra4

# ----------------------------------------------------------------------
# Mark entities for boundary conditions, etc.
# ----------------------------------------------------------------------
playback 'bc.jou'

# ----------------------------------------------------------------------
# Export exodus file
# ----------------------------------------------------------------------
export mesh "mesh_tet.exo" dimension 3 overwrite
