# ----------------------------------------------------------------------
# Generate geometry
# ----------------------------------------------------------------------
playback 'geometry.jou'

# ----------------------------------------------------------------------
# Set discretization size
# ----------------------------------------------------------------------
surface all size 0.5

# ----------------------------------------------------------------------
# Generate the mesh
# ----------------------------------------------------------------------
surface all scheme submap
mesh surface all

# ----------------------------------------------------------------------
# Create blocks for materials
# ----------------------------------------------------------------------
block 1 surface 1
block 1 name "poroelastic"
block 1 element type quad

# ----------------------------------------------------------------------
# Mark entities for boundary conditions, etc.
# ----------------------------------------------------------------------
playback 'bc.jou'

# ----------------------------------------------------------------------
# Export exodus file
# ----------------------------------------------------------------------
export mesh "mesh_quad.exo" dimension 2 overwrite


