# ----------------------------------------------------------------------
# Create blocks for materials
# ----------------------------------------------------------------------
block 1 surface 1
block 1 name "poroelastic"
block 1 element type tri

# ----------------------------------------------------------------------
# Create nodeset for -x edge
# ----------------------------------------------------------------------
group "x_neg" add node in curve 1
nodeset 1 group x_neg
nodeset 1 name "x_neg"

# ----------------------------------------------------------------------
# Create nodeset for +y edge
# ----------------------------------------------------------------------
group "y_pos" add node in curve  2
nodeset 2 group y_pos
nodeset 2 name "y_pos"

# ----------------------------------------------------------------------
# Create nodeset for +x edge
# ----------------------------------------------------------------------
group "x_pos" add node in curve 3
nodeset 3 group x_pos
nodeset 3 name "x_pos"

# ----------------------------------------------------------------------
# Create nodeset for -y edge Dirichlet
# ----------------------------------------------------------------------
group "y_neg" add node in curve  4
nodeset 4 group y_neg
nodeset 4 name "y_neg"
