# -*- Python -*- (syntax highlighting)
# ----------------------------------------------------------------------
#
# Brad T. Aagaard, U.S. Geological Survey
# Charles A. Williams, GNS Science
# Matthew G. Knepley, University at Buffalo
#
# This code was developed as part of the Computational Infrastructure
# for Geodynamics (http://geodynamics.org).
#
# Copyright (c) 2010-2021 University of California, Davis
#
# See LICENSE.md for license information.
#
# ----------------------------------------------------------------------
#
# CUBIT journal file to create a mesh where the resolution is given as
# a field variable in an ExodusII file. The field variable
# 'cell_size_fn' is computed in a Python script using an analytic
# function.
#
# ----------------------------------------------------------------------
# Generate geometry
# ----------------------------------------------------------------------
playback 'geometry.jou'

# ----------------------------------------------------------------------
# Create tet4 mesh with resolution dictated by 'cell_size_fn'.
# ----------------------------------------------------------------------
volume all scheme tetmesh
import sizing function  "mesh_cellsize.exo" block all variable "cell_size_fn" time 0.0000000 
volume all sizing function type exodus
surface all sizing function type exodus
curve all scheme stride

# ----------------------------------------------------------------------
# Generate the mesh
# ----------------------------------------------------------------------
mesh surface all
surface all smooth scheme condition number beta 1.2 cpu 10
smooth surface all
mesh volume all

# ----------------------------------------------------------------------
# Smooth mesh to improve quality
# ----------------------------------------------------------------------
${condnum=2.0}
${loop(4)}
volume all smooth scheme condition number beta {condnum} cpu 2
smooth volume all
${condnum=condnum-0.1}
${endloop}

# ----------------------------------------------------------------------
# Export exodus file
# ----------------------------------------------------------------------
export mesh "mesh_size_analyticfn.exo" dimension 3 overwrite


# End of file








