# ----------------------------------------------------------------------
# Create blocks for materials
# ----------------------------------------------------------------------
block 1 volume 1 3
block 1 name "elastic"

# ----------------------------------------------------------------------
# Create nodeset for +x face
# ----------------------------------------------------------------------
group "face_xpos" add node in surface 6
nodeset 11 group face_xpos
nodeset 11 name "face_xpos"

# ----------------------------------------------------------------------
# Create nodeset for -x face
# ----------------------------------------------------------------------
group "face_xneg" add node in surface 4
nodeset 12 group face_xneg
nodeset 12 name "face_xneg"

# ----------------------------------------------------------------------
# Create nodeset for +y face
# ----------------------------------------------------------------------
group "face_ypos" add node in surface 12
group "face_ypos" add node in surface 14
nodeset 13 group face_ypos
nodeset 13 name "face_ypos"

# ----------------------------------------------------------------------
# Create nodeset for -y face
# ----------------------------------------------------------------------
group "face_yneg" add node in surface 10
group "face_yneg" add node in surface 17
nodeset 14 group face_yneg
nodeset 14 name "face_yneg"

# ----------------------------------------------------------------------
# Create nodeset for -z face
# ----------------------------------------------------------------------
group "face_zneg" add node in surface 11
group "face_zneg" add node in surface 15
nodeset 15 group face_zneg
nodeset 15 name "face_zneg"

# ----------------------------------------------------------------------
# Create nodeset for +z face
# ----------------------------------------------------------------------
group "face_zpos" add node in surface 9
group "face_zpos" add node in surface 16
nodeset 17 group face_zpos
nodeset 17 name "face_zpos"

# ----------------------------------------------------------------------
# Create nodeset for fault
# ----------------------------------------------------------------------
group "fault" add node in fault_surface
nodeset 20 group fault
nodeset 20 name "fault"

# ----------------------------------------------------------------------
# Create nodeset for fault (interior)
# ----------------------------------------------------------------------
group "fault_interior" add node in fault_surface
group "fault_interior" remove node in face_ypos
group "fault_interior" remove node in face_yneg
group "fault_interior" remove node in face_zneg
nodeset 21 group fault_interior
nodeset 21 name "fault_interior"

# ----------------------------------------------------------------------
# Create nodeset for -z face w/o fault
# ----------------------------------------------------------------------
group "face_zneg_nofault" add node in face_zneg
group "face_zneg_nofault" remove node in fault
nodeset 16 group face_zneg_nofault
nodeset 16 name "face_zneg_nofault"

