# ----------------------------------------------------------------------
# Create block
# ----------------------------------------------------------------------

# Block is 6 km x 6 km x 3 km
# -3 km <= x <= 3 km
# -3 km <= y <= 3 km
# -3 km <= z <= 0 km
reset
brick x 6000 y 6000 z 3000

# Translate block so the top is at z=0
volume 1 move x 0 y 0 z -1500

# ----------------------------------------------------------------------
# Create interface surfaces
# ----------------------------------------------------------------------
create planar surface with plane xplane offset 0
surface 7 name "fault_surface"

# ----------------------------------------------------------------------
# Divide volumes using interface surfaces
# ----------------------------------------------------------------------
webcut volume 1 with plane surface fault_surface
volume 1 3 name "elastic"

# ----------------------------------------------------------------------
# Imprint all volumes, merging surfaces
# ----------------------------------------------------------------------
imprint all with volume all
merge all
delete body 2

