## /opt/Trelis-16.1/bin/trelis
## Trelis Version 16.1.1
## Trelis Build 1b15f60
## Revised Tue Aug 23 16:17:41 2016 -0600
## Running 01/15/2021 10:33:01 AM
## Command Options:
cd "/home/dockimble/pylith_ii/cig/pylith-baagaard/fix-poroelasticity-fullscale-tests/tests/fullscale/linearporoelasticity/terzaghi"
# ----------------------------------------------------------------------
# Generate geometry
# ----------------------------------------------------------------------
# ----------------------------------------------------------------------
# Create surface using vertices
# ----------------------------------------------------------------------
# Block is 10m x 10m
# 0 m <= x <= 10 m
# 0 m <= y <= 10 m
reset
create vertex 0 0 0
create vertex 0 10 0
create vertex 10 10 0
create vertex 10 0 0
create surface vertex 1 2 3 4
# ----------------------------------------------------------------------
# Set discretization size
# ----------------------------------------------------------------------
surface all size 0.5
# ----------------------------------------------------------------------
# Generate the mesh
# ----------------------------------------------------------------------
surface all scheme submap
mesh surface all
# ----------------------------------------------------------------------
# Create blocks for materials
# ----------------------------------------------------------------------
block 1 surface 1
block 1 name "poroelastic"
block 1 element type QUAD
# ----------------------------------------------------------------------
# Mark entities for boundary conditions, etc.
# ----------------------------------------------------------------------
# ----------------------------------------------------------------------
# Create nodeset for -x edge
# ----------------------------------------------------------------------
group "x_neg" add node in curve 1
nodeset 1 x_neg
nodeset 1 name "x_neg"
# ----------------------------------------------------------------------
# Create nodeset for +y edge
# ----------------------------------------------------------------------
group "y_pos" add node in curve 2
nodeset 2 y_pos
nodeset 2 name "y_pos"
# ----------------------------------------------------------------------
# Create nodeset for +x edge
# ----------------------------------------------------------------------
group "x_pos" add node in curve 3
nodeset 3 x_pos
nodeset 3 name "x_pos"
# ----------------------------------------------------------------------
# Create nodeset for -y edge Dirichlet
# ----------------------------------------------------------------------
group "y_neg_dir" add node in curve 4
nodeset 4 y_neg_dir
nodeset 4 name "y_neg_dir"
# ----------------------------------------------------------------------
# Create nodeset for -y edge Neumann
# ----------------------------------------------------------------------
group "y_neg_neu" add node in curve 4
nodeset 5 y_neg_neu
nodeset 5 name "y_neg_neu"
# ----------------------------------------------------------------------
# Export exodus file
# ----------------------------------------------------------------------
export mesh "mesh_quad.exo" dimension 2 overwrite
# ----------------------------------------------------------------------
# Generate geometry
# ----------------------------------------------------------------------
# ----------------------------------------------------------------------
# Create surface using vertices
# ----------------------------------------------------------------------
# Block is 10m x 10m
# 0 m <= x <= 10 m
# 0 m <= y <= 10 m
reset
create vertex 0 0 0
create vertex 0 10 0
create vertex 10 10 0
create vertex 10 0 0
create surface vertex 1 2 3 4
# ----------------------------------------------------------------------
# Set discretization size
# ----------------------------------------------------------------------
surface all size 0.5
# ----------------------------------------------------------------------
# Generate the mesh
# ----------------------------------------------------------------------
surface all scheme trimesh
mesh surface all
# ----------------------------------------------------------------------
# Create blocks for materials
# ----------------------------------------------------------------------
block 1 surface 1
block 1 name "poroelastic"
block 1 element type TRI
# ----------------------------------------------------------------------
# Mark entities for boundary conditions, etc.
# ----------------------------------------------------------------------
# ----------------------------------------------------------------------
# Create nodeset for -x edge
# ----------------------------------------------------------------------
group "x_neg" add node in curve 1
nodeset 1 x_neg
nodeset 1 name "x_neg"
# ----------------------------------------------------------------------
# Create nodeset for +y edge
# ----------------------------------------------------------------------
group "y_pos" add node in curve 2
nodeset 2 y_pos
nodeset 2 name "y_pos"
# ----------------------------------------------------------------------
# Create nodeset for +x edge
# ----------------------------------------------------------------------
group "x_pos" add node in curve 3
nodeset 3 x_pos
nodeset 3 name "x_pos"
# ----------------------------------------------------------------------
# Create nodeset for -y edge Dirichlet
# ----------------------------------------------------------------------
group "y_neg_dir" add node in curve 4
nodeset 4 y_neg_dir
nodeset 4 name "y_neg_dir"
# ----------------------------------------------------------------------
# Create nodeset for -y edge Neumann
# ----------------------------------------------------------------------
group "y_neg_neu" add node in curve 4
nodeset 5 y_neg_neu
nodeset 5 name "y_neg_neu"
# ----------------------------------------------------------------------
# Export exodus file
# ----------------------------------------------------------------------
export mesh "mesh_tri.exo" dimension 2 overwrite
# ----------------------------------------------------------------------
# Generate geometry
# ----------------------------------------------------------------------
# ----------------------------------------------------------------------
# Create surface using vertices
# ----------------------------------------------------------------------
# Block is 10m x 10m
# 0 m <= x <= 10 m
# 0 m <= y <= 10 m
reset
create vertex 0 0 0
create vertex 0 10 0
create vertex 10 10 0
create vertex 10 0 0
create surface vertex 1 2 3 4
# ----------------------------------------------------------------------
# Set discretization size
# ----------------------------------------------------------------------
surface all size 0.5
# ----------------------------------------------------------------------
# Generate the mesh
# ----------------------------------------------------------------------
surface all scheme submap
mesh surface all
# ----------------------------------------------------------------------
# Create blocks for materials
# ----------------------------------------------------------------------
block 1 surface 1
block 1 name "poroelastic"
block 1 element type QUAD
# ----------------------------------------------------------------------
# Mark entities for boundary conditions, etc.
# ----------------------------------------------------------------------
# ----------------------------------------------------------------------
# Create nodeset for -x edge
# ----------------------------------------------------------------------
group "x_neg" add node in curve 1
nodeset 1 x_neg
nodeset 1 name "x_neg"
# ----------------------------------------------------------------------
# Create nodeset for +y edge
# ----------------------------------------------------------------------
group "y_pos" add node in curve 2
nodeset 2 y_pos
nodeset 2 name "y_pos"
# ----------------------------------------------------------------------
# Create nodeset for +x edge
# ----------------------------------------------------------------------
group "x_pos" add node in curve 3
nodeset 3 x_pos
nodeset 3 name "x_pos"
# ----------------------------------------------------------------------
# Create nodeset for -y edge Dirichlet
# ----------------------------------------------------------------------
group "y_neg_dir" add node in curve 4
nodeset 4 y_neg_dir
nodeset 4 name "y_neg_dir"
# ----------------------------------------------------------------------
# Create nodeset for -y edge Neumann
# ----------------------------------------------------------------------
group "y_neg_neu" add node in curve 4
nodeset 5 y_neg_neu
nodeset 5 name "y_neg_neu"
# ----------------------------------------------------------------------
# Export exodus file
# ----------------------------------------------------------------------
export mesh "mesh_quad.exo" dimension 2 overwrite
# ----------------------------------------------------------------------
# Generate geometry
# ----------------------------------------------------------------------
# ----------------------------------------------------------------------
# Create surface using vertices
# ----------------------------------------------------------------------
# Block is 10m x 10m
# 0 m <= x <= 10 m
# 0 m <= y <= 10 m
reset
create vertex 0 0 0
create vertex 0 10 0
create vertex 10 10 0
create vertex 10 0 0
create surface vertex 1 2 3 4
# ----------------------------------------------------------------------
# Set discretization size
# ----------------------------------------------------------------------
surface all size 0.5
# ----------------------------------------------------------------------
# Generate the mesh
# ----------------------------------------------------------------------
surface all scheme submap
mesh surface all
# ----------------------------------------------------------------------
# Create blocks for materials
# ----------------------------------------------------------------------
block 1 surface 1
block 1 name "poroelastic"
block 1 element type QUAD
# ----------------------------------------------------------------------
# Mark entities for boundary conditions, etc.
# ----------------------------------------------------------------------
# ----------------------------------------------------------------------
# Create nodeset for -x edge
# ----------------------------------------------------------------------
group "x_neg" add node in curve 1
nodeset 1 x_neg
nodeset 1 name "x_neg"
# ----------------------------------------------------------------------
# Create nodeset for +y edge
# ----------------------------------------------------------------------
group "y_pos" add node in curve 2
nodeset 2 y_pos
nodeset 2 name "y_pos"
# ----------------------------------------------------------------------
# Create nodeset for +x edge
# ----------------------------------------------------------------------
group "x_pos" add node in curve 3
nodeset 3 x_pos
nodeset 3 name "x_pos"
# ----------------------------------------------------------------------
# Create nodeset for -y edge Dirichlet
# ----------------------------------------------------------------------
group "y_neg_dir" add node in curve 4
nodeset 4 y_neg_dir
nodeset 4 name "y_neg_dir"
# ----------------------------------------------------------------------
# Create nodeset for -y edge Neumann
# ----------------------------------------------------------------------
group "y_neg_neu" add node in curve 4
nodeset 5 y_neg_neu
nodeset 5 name "y_neg_neu"
# ----------------------------------------------------------------------
# Export exodus file
# ----------------------------------------------------------------------
export mesh "mesh_quad.exo" dimension 2 overwrite
list block 1
list surface 1 mesh
# ----------------------------------------------------------------------
# Generate geometry
# ----------------------------------------------------------------------
# ----------------------------------------------------------------------
# Create surface using vertices
# ----------------------------------------------------------------------
# Block is 10m x 10m
# 0 m <= x <= 10 m
# 0 m <= y <= 10 m
reset
create vertex 0 0 0
create vertex 0 10 0
create vertex 10 10 0
create vertex 10 0 0
create surface vertex 1 2 3 4
# ----------------------------------------------------------------------
# Set discretization size
# ----------------------------------------------------------------------
surface all size 0.5
# ----------------------------------------------------------------------
# Generate the mesh
# ----------------------------------------------------------------------
surface all scheme submap
mesh surface all
# ----------------------------------------------------------------------
# Create blocks for materials
# ----------------------------------------------------------------------
block 1 surface 1
block 1 name "poroelastic"
block 1 element type QUAD
# ----------------------------------------------------------------------
# Mark entities for boundary conditions, etc.
# ----------------------------------------------------------------------
# ----------------------------------------------------------------------
# Create nodeset for -x edge
# ----------------------------------------------------------------------
group "x_neg" add node in curve 1
nodeset 1 x_neg
nodeset 1 name "x_neg"
# ----------------------------------------------------------------------
# Create nodeset for +y edge
# ----------------------------------------------------------------------
group "y_pos" add node in curve 2
nodeset 2 y_pos
nodeset 2 name "y_pos"
# ----------------------------------------------------------------------
# Create nodeset for +x edge
# ----------------------------------------------------------------------
group "x_pos" add node in curve 3
nodeset 3 x_pos
nodeset 3 name "x_pos"
# ----------------------------------------------------------------------
# Create nodeset for -y edge Dirichlet
# ----------------------------------------------------------------------
group "y_neg_dir" add node in curve 4
nodeset 4 y_neg_dir
nodeset 4 name "y_neg_dir"
# ----------------------------------------------------------------------
# Create nodeset for -y edge Neumann
# ----------------------------------------------------------------------
group "y_neg_neu" add node in curve 4
nodeset 5 y_neg_neu
nodeset 5 name "y_neg_neu"
# ----------------------------------------------------------------------
# Export exodus file
# ----------------------------------------------------------------------
export mesh "mesh_quad.exo" dimension 2 overwrite
# ----------------------------------------------------------------------
# Generate geometry
# ----------------------------------------------------------------------
# ----------------------------------------------------------------------
# Create surface using vertices
# ----------------------------------------------------------------------
# Block is 10m x 10m
# 0 m <= x <= 10 m
# 0 m <= y <= 10 m
reset
create vertex 0 0 0
create vertex 0 10 0
create vertex 10 10 0
create vertex 10 0 0
create surface vertex 1 2 3 4
# ----------------------------------------------------------------------
# Set discretization size
# ----------------------------------------------------------------------
surface all size 0.5
# ----------------------------------------------------------------------
# Generate the mesh
# ----------------------------------------------------------------------
surface all scheme trimesh
mesh surface all
# ----------------------------------------------------------------------
# Create blocks for materials
# ----------------------------------------------------------------------
block 1 surface 1
block 1 name "poroelastic"
block 1 element type TRI
# ----------------------------------------------------------------------
# Mark entities for boundary conditions, etc.
# ----------------------------------------------------------------------
# ----------------------------------------------------------------------
# Create nodeset for -x edge
# ----------------------------------------------------------------------
group "x_neg" add node in curve 1
nodeset 1 x_neg
nodeset 1 name "x_neg"
# ----------------------------------------------------------------------
# Create nodeset for +y edge
# ----------------------------------------------------------------------
group "y_pos" add node in curve 2
nodeset 2 y_pos
nodeset 2 name "y_pos"
# ----------------------------------------------------------------------
# Create nodeset for +x edge
# ----------------------------------------------------------------------
group "x_pos" add node in curve 3
nodeset 3 x_pos
nodeset 3 name "x_pos"
# ----------------------------------------------------------------------
# Create nodeset for -y edge Dirichlet
# ----------------------------------------------------------------------
group "y_neg_dir" add node in curve 4
nodeset 4 y_neg_dir
nodeset 4 name "y_neg_dir"
# ----------------------------------------------------------------------
# Create nodeset for -y edge Neumann
# ----------------------------------------------------------------------
group "y_neg_neu" add node in curve 4
nodeset 5 y_neg_neu
nodeset 5 name "y_neg_neu"
# ----------------------------------------------------------------------
# Export exodus file
# ----------------------------------------------------------------------
export mesh "mesh_tri.exo" dimension 2 overwrite
