# -*- Python -*- (syntax highlighting)
# ----------------------------------------------------------------------
#
# Brad T. Aagaard, U.S. Geological Survey
# Charles A. Williams, GNS Science
# Matthew G. Knepley, University of Chicago
#
# This code was developed as part of the Computational Infrastructure
# for Geodynamics (http://geodynamics.org).
#
# Copyright (c) 2010-2015 University of California, Davis
#
# See COPYING for license information.
#
# ----------------------------------------------------------------------

# ----------------------------------------------------------------------
# Generate geometry
# ----------------------------------------------------------------------
playback 'geometry.jou'

# ----------------------------------------------------------------------
# Set discretization size
# ----------------------------------------------------------------------
volume all size {10*km}

# ----------------------------------------------------------------------
# Generate the mesh
# ----------------------------------------------------------------------
mesh volume all

# ----------------------------------------------------------------------
# Create blocks for materials
# ----------------------------------------------------------------------
block 1 volume elastic_xpos elastic_xneg
block 1 name "elastic"
block 2 volume visco_xpos visco_xneg
block 2 name "viscoelastic"

# ----------------------------------------------------------------------
# Create nodesets for faults
# ----------------------------------------------------------------------
group "fault" add node in surface fault_surface
group "fault" add node in surface fault_surface@A
nodeset 10 group fault
nodeset 10 name "fault"

group "fault_edge" add node in curve 93
group "fault_edge" add node in curve 115
group "fault_edge" add node in curve 82
group "fault_edge" add node in curve 113
group "fault_edge" add node in curve 90
nodeset 11 group fault_edge
nodeset 11 name "fault_edge"

group "fault_ext" add node in surface fault_surface
group "fault_ext" add node in surface fault_surface@A
group "fault_ext" add node in surface fault_surface@B
group "fault_ext" add node in surface fault_surface@C
group "fault_ext" add node in surface fault_surface@D
nodeset 12 group fault_ext
nodeset 12 name "fault_ext"


# ----------------------------------------------------------------------
# Create nodeset for +x face
# ----------------------------------------------------------------------
group "face_xpos" add node in surface 20
group "face_xpos" add node in surface 28
nodeset 20 group face_xpos
nodeset 20 name "face_xpos"

# ----------------------------------------------------------------------
# Create nodeset for -x face
# ----------------------------------------------------------------------
group "face_xneg" add node in surface 30
group "face_xneg" add node in surface 38
nodeset 21 group face_xneg
nodeset 21 name "face_xneg"

# ----------------------------------------------------------------------
# Create nodeset for +y face
# ----------------------------------------------------------------------
group "face_ypos" add node in surface 21
group "face_ypos" add node in surface 27
group "face_ypos" add node in surface 33
group "face_ypos" add node in surface 35
nodeset 22 group face_ypos
nodeset 22 name "face_ypos"

# ----------------------------------------------------------------------
# Create nodeset for -y face
# ----------------------------------------------------------------------
group "face_yneg" add node in surface 23
group "face_yneg" add node in surface 25
group "face_yneg" add node in surface 31
group "face_yneg" add node in surface 37
nodeset 23 group face_yneg
nodeset 23 name "face_yneg"

# ----------------------------------------------------------------------
# Create nodeset for +z face
# ----------------------------------------------------------------------
group "face_zpos" add node in surface 10
group "face_zpos" add node in surface 17
nodeset 24 group face_zpos
nodeset 24 name "face_zpos"

# ----------------------------------------------------------------------
# Create nodeset for -z face
# ----------------------------------------------------------------------
group "face_zneg" add node in surface 12
group "face_zneg" add node in surface 16
nodeset 25 group face_zneg
nodeset 25 name "face_zneg"

# ----------------------------------------------------------------------
# Create nodeset for -z face
# ----------------------------------------------------------------------
group "face_zneg_nofault" add node in group face_zneg
group "face_zneg_nofault" remove node in group fault_ext
nodeset 26 group face_zneg_nofault
nodeset 26 name "face_zneg_nofault"

# ----------------------------------------------------------------------
# Export exodus file
# ----------------------------------------------------------------------
export mesh "mesh.exo" dimension 3 overwrite



