# =================================================================================================
# This code is part of PyLith, developed through the Computational Infrastructure
# for Geodynamics (https://github.com/geodynamics/pylith).
#
# Copyright (c) 2010-2026, University of California, Davis and the PyLith Development Team.
# All rights reserved.
#
# See https://mit-license.org/ and LICENSE.md and for license information.
# =================================================================================================
#
# Cubit journal file for creating blocks and nodesets associated with
# materials and boundary conditions.
#
# NOTE: We remove the overlap between groups associated with 
# Dirichlet BC and groups associated with faults because PyLith
# does not allow Dirichlet BC to be applied to nodes adjacent to the fault.
#
# ----------------------------------------------------------------------
# Create blocks for materials
# ----------------------------------------------------------------------
block 1 surface surf_inner
block 1 name "inner"

block 2 surface surf_outer
block 2 name "outer"

# ----------------------------------------------------------------------
# Create nodeset for fault interfaces
# ----------------------------------------------------------------------
group "fault" add node in curve 5
nodeset 20 group fault
nodeset 20 name "fault"

# ----------------------------------------------------------------------
# Create nodeset for boundaries
# ----------------------------------------------------------------------
group "boundary_south" add node in curve 6
group "boundary_south" add node in curve 7
group "boundary_south" remove node in group fault
nodeset 11 group boundary_south
nodeset 11 name "boundary_south"

group "boundary_north" add node in curve 9
group "boundary_north" add node in curve 8
group "boundary_north" remove node in group fault
nodeset 12 group boundary_north
nodeset 12 name "boundary_north"

group "boundary_west" add node in curve 4
nodeset 13 group boundary_west
nodeset 13 name "boundary_west"

group "boundary_east" add node in curve 2
nodeset 14 group boundary_east
nodeset 14 name "boundary_east"

# End of file




